2026-04-18 12:28:28,760 [ERROR] 'str' object has no attribute 'extend'
Traceback (most recent call last):
  File "/home/dennis/jacktime/main.py", line 29, in main
    huvudmeny()
    ~~~~~~~~~^^
  File "/home/dennis/jacktime/meny.py", line 56, in huvudmeny
    visa_analysmeny()
    ~~~~~~~~~~~~~~~^^
  File "/home/dennis/jacktime/meny.py", line 157, in visa_analysmeny
    starta_analysläge(matchande_videor[0], valt_loppnamn=None, tillåt_nästa_lopp=True)
    ~~~~~~~~~~~~~~~~~^^^^^^^^^^^^^^^^^^^^^^^^^^^^^^^^^^^^^^^^^^^^^^^^^^^^^^^^^^^^^^^^^
  File "/home/dennis/jacktime/analys_main.py", line 96, in starta_analysläge
    loggade_tider_total[hund].extend(tider if isinstance(tider, list) else [tider])
    ^^^^^^^^^^^^^^^^^^^^^^^^^^^^^^^^
AttributeError: 'str' object has no attribute 'extend'

2026-06-21 03:06:02,346 [ERROR] 'arduino_port'
Traceback (most recent call last):
  File "/home/dennis/jacktime/main.py", line 29, in main
    huvudmeny()
    ~~~~~~~~~^^
  File "/home/dennis/jacktime/meny.py", line 52, in huvudmeny
    starta_traningsläge(config)
    ~~~~~~~~~~~~~~~~~~~^^^^^^^^
  File "/home/dennis/jacktime/traning.py", line 43, in starta_traningsläge
    start_tid = vänta_på_startsignal(config["arduino_port"])
                                     ~~~~~~^^^^^^^^^^^^^^^^
KeyError: 'arduino_port'

2026-08-22 15:41:05,423 [ERROR] '<' not supported between instances of 'str' and 'float'
Traceback (most recent call last):
  File "/home/dennis/jacktime/main.py", line 29, in main
    huvudmeny()
    ~~~~~~~~~^^
  File "/home/dennis/jacktime/meny.py", line 65, in huvudmeny
    visa_sammanfattningsmeny()
    ~~~~~~~~~~~~~~~~~~~~~~~~^^
  File "/home/dennis/jacktime/meny.py", line 238, in visa_sammanfattningsmeny
    visa_tidigare_sammanfattning(vald_mapp, sanera_filnamn(loppnamn), är_träning=är_träning)
    ~~~~~~~~~~~~~~~~~~~~~~~~~~~~^^^^^^^^^^^^^^^^^^^^^^^^^^^^^^^^^^^^^^^^^^^^^^^^^^^^^^^^^^^^
  File "/home/dennis/jacktime/sammanfattning.py", line 196, in visa_tidigare_sammanfattning
    visa_sammanfattning(loppnamn, loggade_tider, startlista or {})
    ~~~~~~~~~~~~~~~~~~~^^^^^^^^^^^^^^^^^^^^^^^^^^^^^^^^^^^^^^^^^^^
  File "/home/dennis/jacktime/sammanfattning.py", line 65, in visa_sammanfattning
    tid_lista = sorted(tid)
TypeError: '<' not supported between instances of 'str' and 'float'

2026-08-29 16:34:52,333 [ERROR] name 'las_config' is not defined
Traceback (most recent call last):
  File "/home/dennis/jacktime/main.py", line 29, in main
    huvudmeny()
    ~~~~~~~~~^^
  File "/home/dennis/jacktime/meny.py", line 72, in huvudmeny
    installningsmeny()
    ~~~~~~~~~~~~~~~~^^
  File "/home/dennis/jacktime/installningar_meny.py", line 6, in installningsmeny
    config = las_config()
             ^^^^^^^^^^
NameError: name 'las_config' is not defined

2026-08-29 16:39:35,969 [ERROR] name 'get_fönster' is not defined
Traceback (most recent call last):
  File "/home/dennis/jacktime/main.py", line 29, in main
    huvudmeny()
    ~~~~~~~~~^^
  File "/home/dennis/jacktime/meny.py", line 56, in huvudmeny
    starta_traningsläge(config)
    ~~~~~~~~~~~~~~~~~~~^^^^^^^^
  File "/home/dennis/jacktime/traning.py", line 38, in starta_traningsläge
    cap, metadata = förbered_kamera_och_mållinje(config)
                    ~~~~~~~~~~~~~~~~~~~~~~~~~~~~^^^^^^^^
  File "/home/dennis/jacktime/tidtagning_core.py", line 16, in förbered_kamera_och_mållinje
    fönster = get_fönster()
              ^^^^^^^^^^^
NameError: name 'get_fönster' is not defined

2026-09-11 18:13:42,061 [ERROR] 'arduino_port'
Traceback (most recent call last):
  File "/home/dennis/jacktime/main.py", line 29, in main
    huvudmeny()
    ~~~~~~~~~^^
  File "/home/dennis/jacktime/meny.py", line 56, in huvudmeny
    starta_traningsläge(config)
    ~~~~~~~~~~~~~~~~~~~^^^^^^^^
  File "/home/dennis/jacktime/traning.py", line 47, in starta_traningsläge
    start_tid = vänta_på_startsignal(config["arduino_port"])
                                     ~~~~~~^^^^^^^^^^^^^^^^
KeyError: 'arduino_port'

2026-09-12 10:46:55,762 [ERROR] 'NoneType' object has no attribute 'read'
Traceback (most recent call last):
  File "/home/dennis/jacktime/main.py", line 29, in main
    huvudmeny()
    ~~~~~~~~~^^
  File "/home/dennis/jacktime/meny.py", line 52, in huvudmeny
    starta_tavlingsläge(config)
    ~~~~~~~~~~~~~~~~~~~^^^^^^^^
  File "/home/dennis/jacktime/tavling.py", line 91, in starta_tavlingsläge
    inspelningar = kör_inspelningsloop(
        cap, config, start_tid, spara_mapp, filnamnsbas, config["mållinje_x"]
    )
  File "/home/dennis/jacktime/inspelning.py", line 47, in kör_inspelningsloop
    test_ret, test_frame = cap.read()
                           ^^^^^^^^
AttributeError: 'NoneType' object has no attribute 'read'

2026-09-12 10:56:31,333 [ERROR] 'NoneType' object has no attribute 'read'
Traceback (most recent call last):
  File "/home/dennis/jacktime/main.py", line 29, in main
    huvudmeny()
    ~~~~~~~~~^^
  File "/home/dennis/jacktime/meny.py", line 52, in huvudmeny
    starta_tavlingsläge(config)
    ~~~~~~~~~~~~~~~~~~~^^^^^^^^
  File "/home/dennis/jacktime/tavling.py", line 105, in starta_tavlingsläge
    starta_analysläge(
    ~~~~~~~~~~~~~~~~~^
        videofil=senaste_video,
        ^^^^^^^^^^^^^^^^^^^^^^^
    ...<4 lines>...
        lopp_index=lopp_index,
        ^^^^^^^^^^^^^^^^^^^^^^
    )
    ^
  File "/home/dennis/jacktime/analys_main.py", line 171, in starta_analysläge
    starta_tavlingsläge(config, startlista_namn, startlista, lopp_index + 1, hoppa_fortsättningsfråga=True)
    ~~~~~~~~~~~~~~~~~~~^^^^^^^^^^^^^^^^^^^^^^^^^^^^^^^^^^^^^^^^^^^^^^^^^^^^^^^^^^^^^^^^^^^^^^^^^^^^^^^^^^^^
  File "/home/dennis/jacktime/tavling.py", line 91, in starta_tavlingsläge
    inspelningar = kör_inspelningsloop(
        cap, config, start_tid, spara_mapp, filnamnsbas, config["mållinje_x"]
    )
  File "/home/dennis/jacktime/inspelning.py", line 47, in kör_inspelningsloop
    test_ret, test_frame = cap.read()
                           ^^^^^^^^
AttributeError: 'NoneType' object has no attribute 'read'

2026-09-13 13:50:48,567 [ERROR] 'str' object has no attribute 'extend'
Traceback (most recent call last):
  File "/home/dennis/jacktime/main.py", line 29, in main
    huvudmeny()
    ~~~~~~~~~^^
  File "/home/dennis/jacktime/meny.py", line 52, in huvudmeny
    starta_tavlingsläge(config)
    ~~~~~~~~~~~~~~~~~~~^^^^^^^^
  File "/home/dennis/jacktime/tavling.py", line 105, in starta_tavlingsläge
    starta_analysläge(
    ~~~~~~~~~~~~~~~~~^
        videofil=senaste_video,
        ^^^^^^^^^^^^^^^^^^^^^^^
    ...<4 lines>...
        lopp_index=lopp_index,
        ^^^^^^^^^^^^^^^^^^^^^^
    )
    ^
  File "/home/dennis/jacktime/analys_main.py", line 171, in starta_analysläge
    starta_tavlingsläge(config, startlista_namn, startlista, lopp_index + 1, hoppa_fortsättningsfråga=True)
    ~~~~~~~~~~~~~~~~~~~^^^^^^^^^^^^^^^^^^^^^^^^^^^^^^^^^^^^^^^^^^^^^^^^^^^^^^^^^^^^^^^^^^^^^^^^^^^^^^^^^^^^
  File "/home/dennis/jacktime/tavling.py", line 105, in starta_tavlingsläge
    starta_analysläge(
    ~~~~~~~~~~~~~~~~~^
        videofil=senaste_video,
        ^^^^^^^^^^^^^^^^^^^^^^^
    ...<4 lines>...
        lopp_index=lopp_index,
        ^^^^^^^^^^^^^^^^^^^^^^
    )
    ^
  File "/home/dennis/jacktime/analys_main.py", line 100, in starta_analysläge
    loggade_tider_total[hund].extend(tider if isinstance(tider, list) else [tider])
    ^^^^^^^^^^^^^^^^^^^^^^^^^^^^^^^^
AttributeError: 'str' object has no attribute 'extend'

